ERROR: agent failed with exit 1: Error: Internal error: {
  "message": "API error (status 402 Payment Required): Grok Build usage balance exhausted",
  "http_status": 402,
  "promptUsage": {
    "inputTokens": 782547,
    "outputTokens": 8435,
    "totalTokens": 790982,
    "cachedReadTokens": 635008,
    "cacheCreationTokens": 0,
    "reasoningTokens": 8319,
    "modelCalls": 12,
    "apiDurationMs": 199838,
    "costUsdTicks": 5711904000,
    "modelUsage": {
      "grok-4.5-build": {
        "inputTokens": 782547,
        "outputTokens": 8435,
        "totalTokens": 790982,
        "cachedReadTokens": 635008,
        "cacheCreationTokens": 0,
        "reasoningTokens": 8319,
        "modelCalls": 12,
        "apiDurationMs": 199838,
        "costUsdTicks": 5711904000
      }
    },
    "numTurns": 12
  }
}
