ERROR: agent failed with exit 1: Error: Internal error: {
  "message": "API error (status 402 Payment Required): Grok Build usage balance exhausted",
  "http_status": 402,
  "promptUsage": {
    "inputTokens": 236655,
    "outputTokens": 4821,
    "totalTokens": 241476,
    "cachedReadTokens": 155904,
    "cacheCreationTokens": 0,
    "reasoningTokens": 2179,
    "modelCalls": 7,
    "apiDurationMs": 79701,
    "costUsdTicks": 2471992000,
    "modelUsage": {
      "grok-4.5-build": {
        "inputTokens": 236655,
        "outputTokens": 4821,
        "totalTokens": 241476,
        "cachedReadTokens": 155904,
        "cacheCreationTokens": 0,
        "reasoningTokens": 2179,
        "modelCalls": 7,
        "apiDurationMs": 79701,
        "costUsdTicks": 2471992000
      }
    },
    "numTurns": 7
  }
}
