ERROR: agent failed with exit 1: Error: Internal error: {
  "message": "API error (status 402 Payment Required): Grok Build usage balance exhausted",
  "http_status": 402,
  "promptUsage": {
    "inputTokens": 645227,
    "outputTokens": 7387,
    "totalTokens": 652614,
    "cachedReadTokens": 551296,
    "cacheCreationTokens": 0,
    "reasoningTokens": 6763,
    "modelCalls": 12,
    "apiDurationMs": 178498,
    "costUsdTicks": 4325728000,
    "modelUsage": {
      "grok-4.5-build": {
        "inputTokens": 645227,
        "outputTokens": 7387,
        "totalTokens": 652614,
        "cachedReadTokens": 551296,
        "cacheCreationTokens": 0,
        "reasoningTokens": 6763,
        "modelCalls": 12,
        "apiDurationMs": 178498,
        "costUsdTicks": 4325728000
      }
    },
    "numTurns": 12
  }
}
