ERROR: agent failed with exit 1: Error: Internal error: {
  "message": "API error (status 402 Payment Required): Grok Build usage balance exhausted",
  "http_status": 402,
  "promptUsage": {
    "inputTokens": 400075,
    "outputTokens": 7238,
    "totalTokens": 407313,
    "cachedReadTokens": 302080,
    "cacheCreationTokens": 0,
    "reasoningTokens": 4494,
    "modelCalls": 10,
    "apiDurationMs": 164762,
    "costUsdTicks": 3550420000,
    "modelUsage": {
      "grok-4.5-build": {
        "inputTokens": 400075,
        "outputTokens": 7238,
        "totalTokens": 407313,
        "cachedReadTokens": 302080,
        "cacheCreationTokens": 0,
        "reasoningTokens": 4494,
        "modelCalls": 10,
        "apiDurationMs": 164762,
        "costUsdTicks": 3550420000
      }
    },
    "numTurns": 10
  }
}
